data/breakfast-at-the-frat/subsets/incomplete/1111038078-2523-incomplete.csv
"WEEK_END_DATE","STORE_NUM","UPC","UNITS","VISITS","HHS","SPEND","PRICE","BASE_PRICE","FEATURE","DISPLAY","TPR_ONLY","WEEK_END_DATE_2","YEAR","MONTH","DAY_OF_MONTH","ABS_DISCOUNT","REL_DISCOUNT"
"21-01-2009",2523,1111038078,8,2,2,8,1,2.59,1,0,0,2009-01-21,2009,1,21,-1.59,-0.613899613899614
"04-02-2009",2523,1111038078,3,3,3,3,1,2.59,0,0,1,2009-02-04,2009,2,4,-1.59,-0.613899613899614
"11-02-2009",2523,1111038078,11,4,4,10.89,0.99,2.59,0,0,1,2009-02-11,2009,2,11,-1.6,-0.617760617760618
"11-03-2009",2523,1111038078,2,2,2,5.38,2.69,2.69,0,0,0,2009-03-11,2009,3,11,0,0
"18-03-2009",2523,1111038078,1,1,1,2.56,2.56,2.56,0,0,0,2009-03-18,2009,3,18,0,0
"25-03-2009",2523,1111038078,1,1,1,2.69,2.69,2.69,0,0,0,2009-03-25,2009,3,25,0,0
"01-04-2009",2523,1111038078,1,1,1,2.69,2.69,2.69,0,0,0,2009-04-01,2009,4,1,0,0
"08-04-2009",2523,1111038078,3,3,3,8.07,2.69,2.69,0,0,0,2009-04-08,2009,4,8,0,0
"15-04-2009",2523,1111038078,2,2,2,1.88,0.94,2.69,0,0,1,2009-04-15,2009,4,15,-1.75,-0.650557620817844
"22-04-2009",2523,1111038078,8,6,6,7.84,0.98,2.69,1,0,0,2009-04-22,2009,4,22,-1.71,-0.635687732342007
"29-04-2009",2523,1111038078,8,7,7,9.44,1.18,2.69,0,0,1,2009-04-29,2009,4,29,-1.51,-0.561338289962825
"06-05-2009",2523,1111038078,1,1,1,0.99,0.99,2.69,0,0,1,2009-05-06,2009,5,6,-1.7,-0.631970260223048
"13-05-2009",2523,1111038078,4,4,4,3.68,0.92,2.69,0,0,1,2009-05-13,2009,5,13,-1.77,-0.657992565055762
"20-05-2009",2523,1111038078,2,2,2,5.12,2.56,2.56,0,0,0,2009-05-20,2009,5,20,0,0
"27-05-2009",2523,1111038078,1,1,1,2.69,2.69,2.69,0,0,0,2009-05-27,2009,5,27,0,0
"03-06-2009",2523,1111038078,3,3,3,7.8,2.6,2.6,0,0,0,2009-06-03,2009,6,3,0,0
"17-06-2009",2523,1111038078,1,1,1,2.69,2.69,2.69,0,0,0,2009-06-17,2009,6,17,0,0
"24-06-2009",2523,1111038078,4,4,4,3.92,0.98,2.69,1,1,0,2009-06-24,2009,6,24,-1.71,-0.635687732342007
"01-07-2009",2523,1111038078,4,4,4,3.92,0.98,2.69,0,1,0,2009-07-01,2009,7,1,-1.71,-0.635687732342007
"08-07-2009",2523,1111038078,10,8,8,9.8,0.98,2.69,0,1,0,2009-07-08,2009,7,8,-1.71,-0.635687732342007
"15-07-2009",2523,1111038078,5,5,5,4.8,0.96,2.69,0,1,0,2009-07-15,2009,7,15,-1.73,-0.643122676579926
"22-07-2009",2523,1111038078,3,3,3,4.17,1.39,2.69,0,1,0,2009-07-22,2009,7,22,-1.3,-0.483271375464684
"29-07-2009",2523,1111038078,4,4,4,4.6,1.15,2.69,0,1,0,2009-07-29,2009,7,29,-1.54,-0.572490706319703
"05-08-2009",2523,1111038078,4,4,4,6.16,1.54,2.69,0,1,0,2009-08-05,2009,8,5,-1.15,-0.427509293680297
"12-08-2009",2523,1111038078,4,3,3,6.16,1.54,2.69,0,1,0,2009-08-12,2009,8,12,-1.15,-0.427509293680297
"19-08-2009",2523,1111038078,1,1,1,1.58,1.58,2.69,0,1,0,2009-08-19,2009,8,19,-1.11,-0.412639405204461
"26-08-2009",2523,1111038078,1,1,1,1.58,1.58,2.69,1,1,0,2009-08-26,2009,8,26,-1.11,-0.412639405204461
"02-09-2009",2523,1111038078,3,3,3,4.41,1.47,2.69,1,1,0,2009-09-02,2009,9,2,-1.22,-0.453531598513011
"09-09-2009",2523,1111038078,5,5,5,7.75,1.55,2.69,0,1,0,2009-09-09,2009,9,9,-1.14,-0.423791821561338
"16-09-2009",2523,1111038078,3,3,3,4.74,1.58,2.69,0,1,0,2009-09-16,2009,9,16,-1.11,-0.412639405204461
"23-09-2009",2523,1111038078,1,1,1,1.58,1.58,2.69,0,1,0,2009-09-23,2009,9,23,-1.11,-0.412639405204461
"07-10-2009",2523,1111038078,1,1,1,1.58,1.58,2.69,0,1,0,2009-10-07,2009,10,7,-1.11,-0.412639405204461
"14-10-2009",2523,1111038078,4,4,4,6,1.5,2.69,0,0,1,2009-10-14,2009,10,14,-1.19,-0.442379182156134
"21-10-2009",2523,1111038078,10,10,10,9.8,0.98,2.69,1,0,0,2009-10-21,2009,10,21,-1.71,-0.635687732342007
"28-10-2009",2523,1111038078,10,7,7,9.8,0.98,2.69,1,0,0,2009-10-28,2009,10,28,-1.71,-0.635687732342007
"04-11-2009",2523,1111038078,3,3,3,4.59,1.53,2.69,0,0,1,2009-11-04,2009,11,4,-1.16,-0.431226765799257
"11-11-2009",2523,1111038078,3,3,3,4.74,1.58,2.69,0,0,1,2009-11-11,2009,11,11,-1.11,-0.412639405204461
"18-11-2009",2523,1111038078,2,2,2,3.16,1.58,2.69,0,0,1,2009-11-18,2009,11,18,-1.11,-0.412639405204461
"25-11-2009",2523,1111038078,1,1,1,1.58,1.58,2.69,0,0,1,2009-11-25,2009,11,25,-1.11,-0.412639405204461
"02-12-2009",2523,1111038078,2,2,2,3.16,1.58,2.69,0,0,1,2009-12-02,2009,12,2,-1.11,-0.412639405204461
"09-12-2009",2523,1111038078,1,1,1,0.9,0.9,0.9,0,0,0,2009-12-09,2009,12,9,0,0
"16-12-2009",2523,1111038078,6,6,6,5.88,0.98,0.98,0,0,0,2009-12-16,2009,12,16,0,0
"23-12-2009",2523,1111038078,5,5,4,6.05,1.21,1.21,0,0,0,2009-12-23,2009,12,23,0,0
"30-12-2009",2523,1111038078,4,4,4,3.92,0.98,1.21,0,0,1,2009-12-30,2009,12,30,-0.23,-0.190082644628099
"06-01-2010",2523,1111038078,3,3,3,3,1,1.21,0,0,1,2010-01-06,2010,1,6,-0.21,-0.173553719008264
"13-01-2010",2523,1111038078,3,3,3,4.74,1.58,1.58,0,0,0,2010-01-13,2010,1,13,0,0
"20-01-2010",2523,1111038078,1,1,1,1.42,1.42,1.58,0,0,1,2010-01-20,2010,1,20,-0.16,-0.10126582278481
"27-01-2010",2523,1111038078,4,4,4,6,1.5,1.5,0,0,0,2010-01-27,2010,1,27,0,0
"03-02-2010",2523,1111038078,3,3,3,4.59,1.53,1.53,0,0,0,2010-02-03,2010,2,3,0,0
"10-02-2010",2523,1111038078,5,5,5,7.5,1.5,1.5,0,0,0,2010-02-10,2010,2,10,0,0
"17-02-2010",2523,1111038078,3,3,3,4.59,1.53,1.53,0,0,0,2010-02-17,2010,2,17,0,0
"24-02-2010",2523,1111038078,4,3,3,6.16,1.54,1.54,0,0,0,2010-02-24,2010,2,24,0,0
"03-03-2010",2523,1111038078,3,3,3,4.74,1.58,1.58,0,0,0,2010-03-03,2010,3,3,0,0
"10-03-2010",2523,1111038078,3,3,3,4.74,1.58,1.58,0,0,0,2010-03-10,2010,3,10,0,0
"17-03-2010",2523,1111038078,1,1,1,1.58,1.58,1.58,0,0,0,2010-03-17,2010,3,17,0,0
"31-03-2010",2523,1111038078,2,2,2,2.84,1.42,1.58,0,0,1,2010-03-31,2010,3,31,-0.16,-0.10126582278481
"07-04-2010",2523,1111038078,3,3,3,4.74,1.58,1.58,0,0,0,2010-04-07,2010,4,7,0,0
"14-04-2010",2523,1111038078,4,4,4,6.32,1.58,1.58,0,0,0,2010-04-14,2010,4,14,0,0
"21-04-2010",2523,1111038078,3,3,3,4.62,1.54,1.54,0,0,0,2010-04-21,2010,4,21,0,0
"28-04-2010",2523,1111038078,17,5,4,16.83,0.99,1.54,1,1,0,2010-04-28,2010,4,28,-0.55,-0.357142857142857
"05-05-2010",2523,1111038078,4,4,4,4,1,1.54,1,1,0,2010-05-05,2010,5,5,-0.54,-0.350649350649351
"12-05-2010",2523,1111038078,3,3,3,3,1,1.54,0,1,0,2010-05-12,2010,5,12,-0.54,-0.350649350649351
"19-05-2010",2523,1111038078,6,5,5,5.82,0.97,1.54,0,0,1,2010-05-19,2010,5,19,-0.57,-0.37012987012987
"26-05-2010",2523,1111038078,2,2,2,3,1.5,1.5,0,0,0,2010-05-26,2010,5,26,0,0
"02-06-2010",2523,1111038078,1,1,1,1.42,1.42,1.42,0,0,0,2010-06-02,2010,6,2,0,0
"09-06-2010",2523,1111038078,3,3,3,4.74,1.58,1.58,0,0,0,2010-06-09,2010,6,9,0,0
"16-06-2010",2523,1111038078,9,8,7,14.22,1.58,1.58,0,0,0,2010-06-16,2010,6,16,0,0
"23-06-2010",2523,1111038078,4,4,4,6.16,1.54,1.54,0,0,0,2010-06-23,2010,6,23,0,0
"30-06-2010",2523,1111038078,3,3,3,2.91,0.97,1.54,0,0,1,2010-06-30,2010,6,30,-0.57,-0.37012987012987
"07-07-2010",2523,1111038078,4,4,4,3.92,0.98,1.54,0,0,1,2010-07-07,2010,7,7,-0.56,-0.363636363636364
"14-07-2010",2523,1111038078,3,3,3,3,1,1.54,0,0,1,2010-07-14,2010,7,14,-0.54,-0.350649350649351
"21-07-2010",2523,1111038078,3,3,3,2.91,0.97,1.54,0,0,1,2010-07-21,2010,7,21,-0.57,-0.37012987012987
"28-07-2010",2523,1111038078,2,2,2,3.16,1.58,1.58,0,0,0,2010-07-28,2010,7,28,0,0
"04-08-2010",2523,1111038078,3,2,2,4.74,1.58,1.58,0,0,0,2010-08-04,2010,8,4,0,0
"11-08-2010",2523,1111038078,6,6,6,9.18,1.53,1.53,0,0,0,2010-08-11,2010,8,11,0,0
"18-08-2010",2523,1111038078,4,3,3,6.32,1.58,1.58,0,0,0,2010-08-18,2010,8,18,0,0
"25-08-2010",2523,1111038078,7,7,7,7.35,1.05,1.58,1,0,0,2010-08-25,2010,8,25,-0.53,-0.335443037974684
"01-09-2010",2523,1111038078,8,8,8,7.84,0.98,1.58,0,0,1,2010-09-01,2010,9,1,-0.6,-0.379746835443038
"08-09-2010",2523,1111038078,2,2,2,2,1,1.58,0,0,1,2010-09-08,2010,9,8,-0.58,-0.367088607594937
"15-09-2010",2523,1111038078,1,1,1,0.9,0.9,1.58,0,0,1,2010-09-15,2010,9,15,-0.68,-0.430379746835443
"22-09-2010",2523,1111038078,7,7,7,7.49,1.07,1.58,0,0,1,2010-09-22,2010,9,22,-0.51,-0.322784810126582
"29-09-2010",2523,1111038078,4,4,4,6.32,1.58,1.58,0,0,0,2010-09-29,2010,9,29,0,0
"06-10-2010",2523,1111038078,2,2,2,3.16,1.58,1.58,0,0,0,2010-10-06,2010,10,6,0,0
"13-10-2010",2523,1111038078,2,2,2,3,1.5,1.5,0,0,0,2010-10-13,2010,10,13,0,0
"20-10-2010",2523,1111038078,6,5,5,9.3,1.55,1.55,0,0,0,2010-10-20,2010,10,20,0,0
"27-10-2010",2523,1111038078,1,1,1,1.58,1.58,1.58,0,0,0,2010-10-27,2010,10,27,0,0
"03-11-2010",2523,1111038078,3,3,3,4.59,1.53,1.53,0,0,0,2010-11-03,2010,11,3,0,0
"10-11-2010",2523,1111038078,5,5,5,7.75,1.55,1.55,0,0,0,2010-11-10,2010,11,10,0,0
"17-11-2010",2523,1111038078,1,1,1,1.58,1.58,1.58,0,0,0,2010-11-17,2010,11,17,0,0
"24-11-2010",2523,1111038078,3,3,3,4.59,1.53,1.53,0,0,0,2010-11-24,2010,11,24,0,0
"01-12-2010",2523,1111038078,2,2,2,1.9,0.95,1.53,0,0,1,2010-12-01,2010,12,1,-0.58,-0.379084967320261
"08-12-2010",2523,1111038078,4,4,4,3.92,0.98,1.53,0,0,1,2010-12-08,2010,12,8,-0.55,-0.359477124183007
"15-12-2010",2523,1111038078,2,2,2,2,1,1.53,0,0,1,2010-12-15,2010,12,15,-0.53,-0.34640522875817
"29-12-2010",2523,1111038078,2,2,2,1.9,0.95,1.53,0,0,1,2010-12-29,2010,12,29,-0.58,-0.379084967320261
"05-01-2011",2523,1111038078,5,5,5,4.9,0.98,1.53,0,0,1,2011-01-05,2011,1,5,-0.55,-0.359477124183007
"12-01-2011",2523,1111038078,1,1,1,0.9,0.9,1.53,0,0,1,2011-01-12,2011,1,12,-0.63,-0.411764705882353
"19-01-2011",2523,1111038078,2,2,2,3.16,1.58,1.58,0,0,0,2011-01-19,2011,1,19,0,0
"26-01-2011",2523,1111038078,1,1,1,1.42,1.42,1.58,0,0,1,2011-01-26,2011,1,26,-0.16,-0.10126582278481
"02-02-2011",2523,1111038078,1,1,1,1.42,1.42,1.58,0,0,1,2011-02-02,2011,2,2,-0.16,-0.10126582278481
"09-02-2011",2523,1111038078,4,4,4,6.16,1.54,1.54,0,0,0,2011-02-09,2011,2,9,0,0
"16-02-2011",2523,1111038078,2,2,2,3,1.5,1.5,0,0,0,2011-02-16,2011,2,16,0,0
"23-02-2011",2523,1111038078,1,1,1,1.58,1.58,1.58,0,0,0,2011-02-23,2011,2,23,0,0
"02-03-2011",2523,1111038078,4,4,4,6.32,1.58,1.58,0,0,0,2011-03-02,2011,3,2,0,0
"09-03-2011",2523,1111038078,3,3,3,4.74,1.58,1.58,0,0,0,2011-03-09,2011,3,9,0,0
"16-03-2011",2523,1111038078,1,1,1,1.58,1.58,1.58,0,0,0,2011-03-16,2011,3,16,0,0
"23-03-2011",2523,1111038078,7,7,7,10.92,1.56,1.56,0,0,0,2011-03-23,2011,3,23,0,0
"30-03-2011",2523,1111038078,3,3,3,4.59,1.53,1.53,0,0,0,2011-03-30,2011,3,30,0,0
"06-04-2011",2523,1111038078,3,3,3,4.74,1.58,1.58,0,0,0,2011-04-06,2011,4,6,0,0
"13-04-2011",2523,1111038078,6,6,6,9.18,1.53,1.53,0,0,0,2011-04-13,2011,4,13,0,0
"20-04-2011",2523,1111038078,3,3,3,4.74,1.58,1.58,0,0,0,2011-04-20,2011,4,20,0,0
"27-04-2011",2523,1111038078,1,1,1,1.42,1.42,1.58,0,0,1,2011-04-27,2011,4,27,-0.16,-0.10126582278481
"04-05-2011",2523,1111038078,3,3,3,3,1,1.58,1,0,0,2011-05-04,2011,5,4,-0.58,-0.367088607594937
"11-05-2011",2523,1111038078,4,3,3,3.8,0.95,1.58,0,0,1,2011-05-11,2011,5,11,-0.63,-0.39873417721519
"25-05-2011",2523,1111038078,4,3,3,4,1,1.58,0,0,1,2011-05-25,2011,5,25,-0.58,-0.367088607594937
"01-06-2011",2523,1111038078,2,2,2,3,1.5,1.5,0,0,0,2011-06-01,2011,6,1,0,0
"22-06-2011",2523,1111038078,1,1,1,1.42,1.42,1.42,0,0,0,2011-06-22,2011,6,22,0,0
"29-06-2011",2523,1111038078,5,5,5,7.9,1.58,1.58,0,0,0,2011-06-29,2011,6,29,0,0
"06-07-2011",2523,1111038078,4,4,4,6.16,1.54,1.54,0,0,0,2011-07-06,2011,7,6,0,0
"13-07-2011",2523,1111038078,2,2,2,3.06,1.53,1.53,0,0,0,2011-07-13,2011,7,13,0,0
"20-07-2011",2523,1111038078,2,1,1,3.16,1.58,1.58,0,0,0,2011-07-20,2011,7,20,0,0
"27-07-2011",2523,1111038078,3,3,3,4.41,1.47,1.47,0,0,0,2011-07-27,2011,7,27,0,0
"03-08-2011",2523,1111038078,4,4,4,3.92,0.98,1.47,1,0,0,2011-08-03,2011,8,3,-0.49,-0.333333333333333
"10-08-2011",2523,1111038078,5,4,4,5.6,1.12,1.47,0,0,1,2011-08-10,2011,8,10,-0.35,-0.238095238095238
"17-08-2011",2523,1111038078,5,5,5,4.8,0.96,1.47,0,0,1,2011-08-17,2011,8,17,-0.51,-0.346938775510204
"31-08-2011",2523,1111038078,6,4,4,6,1,1.47,0,0,1,2011-08-31,2011,8,31,-0.47,-0.319727891156463
"07-09-2011",2523,1111038078,2,2,2,1.9,0.95,1.47,0,0,1,2011-09-07,2011,9,7,-0.52,-0.353741496598639
"14-09-2011",2523,1111038078,8,6,6,8.56,1.07,1.47,0,0,1,2011-09-14,2011,9,14,-0.4,-0.272108843537415
"21-09-2011",2523,1111038078,4,4,4,6.16,1.54,1.54,0,0,0,2011-09-21,2011,9,21,0,0
"28-09-2011",2523,1111038078,3,3,3,4.74,1.58,1.58,0,0,0,2011-09-28,2011,9,28,0,0
"05-10-2011",2523,1111038078,1,1,1,1.58,1.58,1.58,0,0,0,2011-10-05,2011,10,5,0,0
"12-10-2011",2523,1111038078,5,5,5,7.9,1.58,1.58,0,0,0,2011-10-12,2011,10,12,0,0
"19-10-2011",2523,1111038078,3,3,3,4.59,1.53,1.53,0,0,0,2011-10-19,2011,10,19,0,0
"02-11-2011",2523,1111038078,6,5,5,6,1,1.53,0,0,1,2011-11-02,2011,11,2,-0.53,-0.34640522875817
"09-11-2011",2523,1111038078,3,3,3,2.91,0.97,1.53,0,0,1,2011-11-09,2011,11,9,-0.56,-0.366013071895425
"16-11-2011",2523,1111038078,1,1,1,1,1,1.53,0,0,1,2011-11-16,2011,11,16,-0.53,-0.34640522875817
"23-11-2011",2523,1111038078,2,2,2,1.86,0.93,1.53,0,0,1,2011-11-23,2011,11,23,-0.6,-0.392156862745098
"30-11-2011",2523,1111038078,3,3,3,2.91,0.97,1.53,0,0,1,2011-11-30,2011,11,30,-0.56,-0.366013071895425
"07-12-2011",2523,1111038078,5,5,4,6.05,1.21,1.53,0,0,1,2011-12-07,2011,12,7,-0.32,-0.209150326797386
"14-12-2011",2523,1111038078,2,2,2,3.16,1.58,1.58,0,0,0,2011-12-14,2011,12,14,0,0
"21-12-2011",2523,1111038078,4,4,3,6.32,1.58,1.58,0,0,0,2011-12-21,2011,12,21,0,0
"28-12-2011",2523,1111038078,2,2,2,3,1.5,1.5,0,0,0,2011-12-28,2011,12,28,0,0
"04-01-2012",2523,1111038078,1,1,1,1.58,1.58,1.58,0,0,0,2012-01-04,2012,1,4,0,0
